// Jest Snapshot v1, https://goo.gl/fbAQLP

exports[`Posts renders correctly 1`] = `
<div
  className="post"
>
  <div
    className="post-title"
  >
    <h3>
       #
    </h3>
    <button
      className="btn-showPosts"
      onClick={[Function]}
    >
      Show post
    </button>
  </div>
</div>
`;
